127.0.0.1 - - [06/Nov/2017:14:04:52 -0600] "GET / HTTP/1.1" 404 994
127.0.0.1 - - [06/Nov/2017:14:06:01 -0600] "GET / HTTP/1.1" 404 994
0:0:0:0:0:0:0:1 - - [06/Nov/2017:14:06:03 -0600] "GET /rose/faces/home.xhtml HTTP/1.1" 200 863
0:0:0:0:0:0:0:1 - - [06/Nov/2017:14:06:06 -0600] "POST /rose/faces/home.xhtml;jsessionid=5F8F243D49C3B17FDF516AED74C2688C HTTP/1.1" 500 4787
0:0:0:0:0:0:0:1 - - [06/Nov/2017:14:06:15 -0600] "GET /rose/faces/login.xhtml HTTP/1.1" 200 1107
0:0:0:0:0:0:0:1 - - [06/Nov/2017:14:06:20 -0600] "POST /rose/faces/login.xhtml;jsessionid=5D682053002585BF9368A5484A4C9AB1 HTTP/1.1" 500 4431
0:0:0:0:0:0:0:1 - - [06/Nov/2017:14:07:43 -0600] "GET /rose/faces/login.xhtml HTTP/1.1" 200 1106
0:0:0:0:0:0:0:1 - - [06/Nov/2017:14:07:45 -0600] "POST /rose/faces/login.xhtml;jsessionid=BE86640F53A58FBD6B58E0449BE5B4FC HTTP/1.1" 500 4431
127.0.0.1 - - [06/Nov/2017:14:16:09 -0600] "GET / HTTP/1.1" 404 994
0:0:0:0:0:0:0:1 - - [06/Nov/2017:14:16:10 -0600] "GET /rose/ HTTP/1.1" 404 1004
0:0:0:0:0:0:0:1 - - [06/Nov/2017:14:18:04 -0600] "GET /rose/faces/home.xhtml HTTP/1.1" 200 863
0:0:0:0:0:0:0:1 - - [06/Nov/2017:14:18:06 -0600] "POST /rose/faces/home.xhtml;jsessionid=2868043A9BB1EE7B1DC2A482DDE461D6 HTTP/1.1" 500 4787
0:0:0:0:0:0:0:1 - - [06/Nov/2017:14:18:18 -0600] "GET /rose/faces/login.xhtml HTTP/1.1" 200 1107
0:0:0:0:0:0:0:1 - - [06/Nov/2017:14:18:20 -0600] "POST /rose/faces/login.xhtml;jsessionid=F8BBE2DAC8A9D605003E695FD784EA8D HTTP/1.1" 500 4431
127.0.0.1 - - [06/Nov/2017:14:23:07 -0600] "GET / HTTP/1.1" 404 994
0:0:0:0:0:0:0:1 - - [06/Nov/2017:14:23:08 -0600] "GET /rose/login.xhtml HTTP/1.1" 200 930
0:0:0:0:0:0:0:1 - - [06/Nov/2017:14:23:20 -0600] "GET /rose/login.xhtml HTTP/1.1" 304 -
127.0.0.1 - - [06/Nov/2017:14:54:12 -0600] "GET / HTTP/1.1" 404 994
0:0:0:0:0:0:0:1 - - [06/Nov/2017:14:54:13 -0600] "GET /rose/login.xhtml HTTP/1.1" 304 -
0:0:0:0:0:0:0:1 - - [06/Nov/2017:14:54:18 -0600] "GET /rose/login.xhtml HTTP/1.1" 304 -
0:0:0:0:0:0:0:1 - - [06/Nov/2017:14:54:19 -0600] "GET /rose/login.xhtml HTTP/1.1" 304 -
127.0.0.1 - - [06/Nov/2017:14:55:36 -0600] "GET / HTTP/1.1" 404 994
0:0:0:0:0:0:0:1 - - [06/Nov/2017:14:55:50 -0600] "GET /rose/login.xhtml HTTP/1.1" 200 930
0:0:0:0:0:0:0:1 - - [06/Nov/2017:14:55:50 -0600] "GET /favicon.ico HTTP/1.1" 404 1016
127.0.0.1 - - [06/Nov/2017:14:59:04 -0600] "GET / HTTP/1.1" 404 994
0:0:0:0:0:0:0:1 - - [06/Nov/2017:14:59:05 -0600] "GET /rose/home.xhtml HTTP/1.1" 200 997
0:0:0:0:0:0:0:1 - - [06/Nov/2017:15:00:15 -0600] "GET /rose/faces/login.xhtml HTTP/1.1" 200 1105
0:0:0:0:0:0:0:1 - - [06/Nov/2017:15:00:22 -0600] "POST /rose/faces/login.xhtml;jsessionid=DA34710AF4EE8F533D0C7CF2DBA8032C HTTP/1.1" 200 1026
0:0:0:0:0:0:0:1 - - [06/Nov/2017:15:00:27 -0600] "POST /rose/faces/result.xhtml HTTP/1.1" 500 3811
0:0:0:0:0:0:0:1 - - [06/Nov/2017:15:01:11 -0600] "GET /rose/faces/login.xhtml HTTP/1.1" 200 1104
0:0:0:0:0:0:0:1 - - [06/Nov/2017:15:01:13 -0600] "POST /rose/faces/login.xhtml;jsessionid=367574F9F54D982EDBE72E81AE2028E0 HTTP/1.1" 200 1014
0:0:0:0:0:0:0:1 - - [06/Nov/2017:15:01:15 -0600] "POST /rose/faces/query.xhtml HTTP/1.1" 500 3806
0:0:0:0:0:0:0:1 - - [06/Nov/2017:15:01:39 -0600] "GET /rose/faces/login.xhtml HTTP/1.1" 200 1107
0:0:0:0:0:0:0:1 - - [06/Nov/2017:15:01:41 -0600] "POST /rose/faces/login.xhtml;jsessionid=D396DED379C55772F593B7AE1813E98B HTTP/1.1" 200 1016
0:0:0:0:0:0:0:1 - - [06/Nov/2017:15:02:21 -0600] "GET /rose/faces/login.xhtml HTTP/1.1" 200 1105
0:0:0:0:0:0:0:1 - - [06/Nov/2017:15:02:22 -0600] "POST /rose/faces/login.xhtml;jsessionid=F57E5EFE43DB1D030EA1CBFEFD48EB7B HTTP/1.1" 200 1014
0:0:0:0:0:0:0:1 - - [06/Nov/2017:15:02:24 -0600] "POST /rose/faces/query.xhtml HTTP/1.1" 200 1110
0:0:0:0:0:0:0:1 - - [06/Nov/2017:15:13:42 -0600] "GET /rose/login.xhtml HTTP/1.1" 200 929
0:0:0:0:0:0:0:1 - - [06/Nov/2017:15:13:45 -0600] "GET /rose/login.xhtml HTTP/1.1" 304 -
0:0:0:0:0:0:0:1 - - [06/Nov/2017:15:13:46 -0600] "GET /rose/login.xhtml HTTP/1.1" 304 -
127.0.0.1 - - [06/Nov/2017:15:26:05 -0600] "GET / HTTP/1.1" 404 994
0:0:0:0:0:0:0:1 - - [06/Nov/2017:15:26:06 -0600] "GET /rose/faces/login.xhtml HTTP/1.1" 200 1106
0:0:0:0:0:0:0:1 - - [06/Nov/2017:15:26:19 -0600] "POST /rose/faces/login.xhtml;jsessionid=A77D0F27AFC4F5AA2EEB67107BE7CCA6 HTTP/1.1" 500 3941
0:0:0:0:0:0:0:1 - - [06/Nov/2017:15:27:07 -0600] "GET /rose/faces/login.xhtml HTTP/1.1" 200 1119
0:0:0:0:0:0:0:1 - - [06/Nov/2017:15:27:09 -0600] "POST /rose/faces/login.xhtml HTTP/1.1" 500 3842
127.0.0.1 - - [06/Nov/2017:15:27:58 -0600] "GET / HTTP/1.1" 404 994
0:0:0:0:0:0:0:1 - - [06/Nov/2017:15:28:01 -0600] "GET /rose/faces/login.xhtml HTTP/1.1" 200 1063
127.0.0.1 - - [06/Nov/2017:15:32:24 -0600] "GET / HTTP/1.1" 404 994
0:0:0:0:0:0:0:1 - - [06/Nov/2017:15:32:26 -0600] "GET /rose/faces/login.xhtml HTTP/1.1" 500 5907
0:0:0:0:0:0:0:1 - - [06/Nov/2017:15:36:21 -0600] "GET /rose/faces/login.xhtml HTTP/1.1" 500 5907
127.0.0.1 - - [06/Nov/2017:15:37:20 -0600] "GET / HTTP/1.1" 404 994
0:0:0:0:0:0:0:1 - - [06/Nov/2017:15:37:22 -0600] "GET /rose/faces/login.xhtml HTTP/1.1" 500 5907
0:0:0:0:0:0:0:1 - - [06/Nov/2017:15:37:41 -0600] "GET /rose/faces/login.xhtml HTTP/1.1" 500 5880
0:0:0:0:0:0:0:1 - - [06/Nov/2017:15:38:04 -0600] "GET /rose/faces/login.xhtml HTTP/1.1" 200 1063
0:0:0:0:0:0:0:1 - - [06/Nov/2017:15:38:09 -0600] "POST /rose/faces/login.xhtml HTTP/1.1" 500 3705
127.0.0.1 - - [06/Nov/2017:15:40:51 -0600] "GET / HTTP/1.1" 404 994
0:0:0:0:0:0:0:1 - - [06/Nov/2017:15:40:52 -0600] "GET /rose/faces/login.xhtml HTTP/1.1" 500 8915
0:0:0:0:0:0:0:1 - - [06/Nov/2017:15:41:18 -0600] "GET /rose/faces/login.xhtml HTTP/1.1" 200 1105
0:0:0:0:0:0:0:1 - - [06/Nov/2017:15:41:44 -0600] "POST /rose/faces/login.xhtml;jsessionid=B1F7D0C2F97B410226CF9835F2F3FC97 HTTP/1.1" 500 3705
127.0.0.1 - - [06/Nov/2017:15:44:34 -0600] "GET / HTTP/1.1" 404 994
0:0:0:0:0:0:0:1 - - [06/Nov/2017:15:44:36 -0600] "GET /rose/faces/login.xhtml HTTP/1.1" 200 1114
0:0:0:0:0:0:0:1 - - [06/Nov/2017:15:44:47 -0600] "POST /rose/faces/login.xhtml HTTP/1.1" 500 3705
0:0:0:0:0:0:0:1 - - [06/Nov/2017:15:45:25 -0600] "GET /rose/faces/login.xhtml HTTP/1.1" 200 1115
0:0:0:0:0:0:0:1 - - [06/Nov/2017:15:45:31 -0600] "POST /rose/faces/login.xhtml HTTP/1.1" 500 3705
127.0.0.1 - - [06/Nov/2017:15:47:22 -0600] "GET / HTTP/1.1" 404 994
0:0:0:0:0:0:0:1 - - [06/Nov/2017:15:47:24 -0600] "GET /rose/faces/login.xhtml HTTP/1.1" 500 6043
0:0:0:0:0:0:0:1 - - [06/Nov/2017:15:47:58 -0600] "GET /rose/faces/login.xhtml HTTP/1.1" 500 6043
0:0:0:0:0:0:0:1 - - [06/Nov/2017:15:48:04 -0600] "GET /rose/faces/login.xhtml HTTP/1.1" 500 6043
0:0:0:0:0:0:0:1 - - [06/Nov/2017:15:48:11 -0600] "GET /rose/faces/login.xhtml HTTP/1.1" 500 6043
0:0:0:0:0:0:0:1 - - [06/Nov/2017:15:48:23 -0600] "GET /rose/faces/login.xhtml HTTP/1.1" 200 778
0:0:0:0:0:0:0:1 - - [06/Nov/2017:15:48:26 -0600] "POST /rose/faces/login.xhtml HTTP/1.1" 500 3705
127.0.0.1 - - [06/Nov/2017:15:49:39 -0600] "GET / HTTP/1.1" 404 994
0:0:0:0:0:0:0:1 - - [06/Nov/2017:15:49:40 -0600] "GET /rose/faces/login.xhtml HTTP/1.1" 200 777
0:0:0:0:0:0:0:1 - - [06/Nov/2017:15:49:43 -0600] "POST /rose/faces/login.xhtml HTTP/1.1" 500 3705
127.0.0.1 - - [06/Nov/2017:15:52:02 -0600] "GET / HTTP/1.1" 404 994
0:0:0:0:0:0:0:1 - - [06/Nov/2017:15:52:03 -0600] "GET /rose/faces/login.xhtml HTTP/1.1" 200 778
0:0:0:0:0:0:0:1 - - [06/Nov/2017:15:52:06 -0600] "POST /rose/faces/login.xhtml HTTP/1.1" 200 979
127.0.0.1 - - [06/Nov/2017:15:55:57 -0600] "GET / HTTP/1.1" 404 994
0:0:0:0:0:0:0:1 - - [06/Nov/2017:15:55:59 -0600] "GET /rose/faces/login.xhtml HTTP/1.1" 200 1076
0:0:0:0:0:0:0:1 - - [06/Nov/2017:15:57:31 -0600] "POST /rose/faces/login.xhtml HTTP/1.1" 500 3705
0:0:0:0:0:0:0:1 - - [06/Nov/2017:15:58:04 -0600] "POST /rose/faces/login.xhtml HTTP/1.1" 500 3705
0:0:0:0:0:0:0:1 - - [06/Nov/2017:15:58:17 -0600] "POST /rose/faces/login.xhtml HTTP/1.1" 200 1014
127.0.0.1 - - [06/Nov/2017:15:59:17 -0600] "GET / HTTP/1.1" 404 994
0:0:0:0:0:0:0:1 - - [06/Nov/2017:15:59:19 -0600] "GET /rose/faces/login.xhtml HTTP/1.1" 200 1114
0:0:0:0:0:0:0:1 - - [06/Nov/2017:15:59:24 -0600] "POST /rose/faces/login.xhtml HTTP/1.1" 500 2578
0:0:0:0:0:0:0:1 - - [06/Nov/2017:15:59:58 -0600] "GET /rose/faces/login.xhtml HTTP/1.1" 200 1117
0:0:0:0:0:0:0:1 - - [06/Nov/2017:16:00:00 -0600] "POST /rose/faces/login.xhtml HTTP/1.1" 200 1027
0:0:0:0:0:0:0:1 - - [06/Nov/2017:16:00:26 -0600] "POST /rose/faces/login.xhtml HTTP/1.1" 200 1025
0:0:0:0:0:0:0:1 - - [06/Nov/2017:16:00:33 -0600] "POST /rose/faces/query.xhtml HTTP/1.1" 200 1115
0:0:0:0:0:0:0:1 - - [06/Nov/2017:16:14:29 -0600] "POST /rose/faces/login.xhtml HTTP/1.1" 200 1028
0:0:0:0:0:0:0:1 - - [06/Nov/2017:16:14:33 -0600] "POST /rose/faces/query.xhtml HTTP/1.1" 200 1115
0:0:0:0:0:0:0:1 - - [06/Nov/2017:16:15:12 -0600] "POST /rose/faces/login.xhtml HTTP/1.1" 200 1030
0:0:0:0:0:0:0:1 - - [06/Nov/2017:16:20:48 -0600] "POST /rose/faces/login.xhtml HTTP/1.1" 200 1030
0:0:0:0:0:0:0:1 - - [06/Nov/2017:16:20:51 -0600] "POST /rose/faces/query.xhtml HTTP/1.1" 200 1116
0:0:0:0:0:0:0:1 - - [06/Nov/2017:16:20:56 -0600] "POST /rose/faces/login.xhtml HTTP/1.1" 200 1028
0:0:0:0:0:0:0:1 - - [06/Nov/2017:16:21:41 -0600] "POST /rose/faces/query.xhtml HTTP/1.1" 200 -
0:0:0:0:0:0:0:1 - - [06/Nov/2017:16:21:41 -0600] "POST /rose/faces/query.xhtml HTTP/1.1" 200 -
0:0:0:0:0:0:0:1 - - [06/Nov/2017:16:21:41 -0600] "POST /rose/faces/query.xhtml HTTP/1.1" 200 -
0:0:0:0:0:0:0:1 - - [06/Nov/2017:16:21:41 -0600] "POST /rose/faces/login.xhtml HTTP/1.1" 200 1029
0:0:0:0:0:0:0:1 - - [06/Nov/2017:16:21:45 -0600] "POST /rose/faces/query.xhtml HTTP/1.1" 200 1116
0:0:0:0:0:0:0:1 - - [06/Nov/2017:16:21:52 -0600] "POST /rose/faces/login.xhtml HTTP/1.1" 200 1030
0:0:0:0:0:0:0:1 - - [06/Nov/2017:16:43:47 -0600] "POST /rose/faces/query.xhtml HTTP/1.1" 500 2103
0:0:0:0:0:0:0:1 - - [06/Nov/2017:16:43:54 -0600] "POST /rose/faces/login.xhtml HTTP/1.1" 500 2103
127.0.0.1 - - [06/Nov/2017:16:44:22 -0600] "GET / HTTP/1.1" 404 994
0:0:0:0:0:0:0:1 - - [06/Nov/2017:16:44:24 -0600] "GET /rose/faces/login.xhtml HTTP/1.1" 200 1061
0:0:0:0:0:0:0:1 - - [06/Nov/2017:16:44:35 -0600] "POST /rose/faces/login.xhtml HTTP/1.1" 500 4396
0:0:0:0:0:0:0:1 - - [06/Nov/2017:16:45:26 -0600] "POST /rose/faces/login.xhtml HTTP/1.1" 500 4513
0:0:0:0:0:0:0:1 - - [06/Nov/2017:16:45:30 -0600] "POST /rose/faces/login.xhtml HTTP/1.1" 500 4513
0:0:0:0:0:0:0:1 - - [06/Nov/2017:16:45:45 -0600] "POST /rose/faces/login.xhtml HTTP/1.1" 500 4529
0:0:0:0:0:0:0:1 - - [06/Nov/2017:16:46:03 -0600] "POST /rose/faces/login.xhtml HTTP/1.1" 500 4521
0:0:0:0:0:0:0:1 - - [06/Nov/2017:16:54:03 -0600] "GET /rose/faces/login.xhtml HTTP/1.1" 200 1061
0:0:0:0:0:0:0:1 - - [06/Nov/2017:16:54:07 -0600] "POST /rose/faces/login.xhtml HTTP/1.1" 500 4404
0:0:0:0:0:0:0:1 - - [06/Nov/2017:16:54:23 -0600] "POST /rose/faces/login.xhtml HTTP/1.1" 500 4404
0:0:0:0:0:0:0:1 - - [06/Nov/2017:16:54:26 -0600] "POST /rose/faces/login.xhtml HTTP/1.1" 500 4404
127.0.0.1 - - [06/Nov/2017:16:55:39 -0600] "GET / HTTP/1.1" 404 994
0:0:0:0:0:0:0:1 - - [06/Nov/2017:16:55:40 -0600] "GET /rose/Login HTTP/1.1" 405 1108
127.0.0.1 - - [06/Nov/2017:16:56:18 -0600] "GET / HTTP/1.1" 404 994
0:0:0:0:0:0:0:1 - - [06/Nov/2017:16:56:19 -0600] "GET /rose/faces/login.xhtml HTTP/1.1" 200 1058
0:0:0:0:0:0:0:1 - - [06/Nov/2017:16:56:29 -0600] "POST /rose/faces/login.xhtml HTTP/1.1" 500 4404
0:0:0:0:0:0:0:1 - - [06/Nov/2017:16:57:07 -0600] "GET /rose/faces/login.xhtml HTTP/1.1" 200 1061
0:0:0:0:0:0:0:1 - - [06/Nov/2017:16:57:10 -0600] "POST /rose/faces/login.xhtml HTTP/1.1" 500 4404
0:0:0:0:0:0:0:1 - - [06/Nov/2017:16:57:28 -0600] "GET /rose/faces/query.xhtml HTTP/1.1" 200 978
0:0:0:0:0:0:0:1 - - [06/Nov/2017:16:57:31 -0600] "POST /rose/faces/query.xhtml HTTP/1.1" 200 1060
0:0:0:0:0:0:0:1 - - [06/Nov/2017:17:00:36 -0600] "GET /rose/faces/login.xhtml HTTP/1.1" 200 1059
0:0:0:0:0:0:0:1 - - [06/Nov/2017:17:00:40 -0600] "POST /rose/faces/login.xhtml HTTP/1.1" 500 4467
127.0.0.1 - - [06/Nov/2017:17:11:41 -0600] "GET / HTTP/1.1" 404 994
0:0:0:0:0:0:0:1 - - [06/Nov/2017:17:11:42 -0600] "GET /rose/faces/login.xhtml HTTP/1.1" 200 1062
0:0:0:0:0:0:0:1 - - [06/Nov/2017:17:11:47 -0600] "POST /rose/faces/login.xhtml HTTP/1.1" 500 4404
0:0:0:0:0:0:0:1 - - [06/Nov/2017:17:12:32 -0600] "GET /rose/faces/login.xhtml HTTP/1.1" 200 1060
0:0:0:0:0:0:0:1 - - [06/Nov/2017:17:12:35 -0600] "POST /rose/faces/login.xhtml HTTP/1.1" 500 4396
127.0.0.1 - - [06/Nov/2017:17:16:47 -0600] "GET / HTTP/1.1" 404 994
0:0:0:0:0:0:0:1 - - [06/Nov/2017:17:16:48 -0600] "GET /rose/faces/login.xhtml HTTP/1.1" 200 1061
0:0:0:0:0:0:0:1 - - [06/Nov/2017:17:16:55 -0600] "POST /rose/faces/login.xhtml HTTP/1.1" 500 4396
127.0.0.1 - - [06/Nov/2017:17:23:31 -0600] "GET / HTTP/1.1" 404 994
0:0:0:0:0:0:0:1 - - [06/Nov/2017:17:23:32 -0600] "GET /daita2/login.xhtml HTTP/1.1" 200 930
0:0:0:0:0:0:0:1 - - [06/Nov/2017:17:23:53 -0600] "GET /daita2/faces/login.xhtml HTTP/1.1" 200 1109
0:0:0:0:0:0:0:1 - - [06/Nov/2017:17:23:58 -0600] "POST /daita2/faces/login.xhtml;jsessionid=DCFD34955A93190995F98D64BF712691 HTTP/1.1" 200 1030
127.0.0.1 - - [06/Nov/2017:17:29:28 -0600] "GET / HTTP/1.1" 404 994
0:0:0:0:0:0:0:1 - - [06/Nov/2017:17:29:29 -0600] "GET /daita2/faces/login.xhtml HTTP/1.1" 200 1109
0:0:0:0:0:0:0:1 - - [06/Nov/2017:17:29:33 -0600] "POST /daita2/faces/login.xhtml;jsessionid=A511C7A860DB96F919953F81AC84BE68 HTTP/1.1" 500 5709
0:0:0:0:0:0:0:1 - - [06/Nov/2017:17:30:08 -0600] "POST /daita2/faces/login.xhtml;jsessionid=A511C7A860DB96F919953F81AC84BE68 HTTP/1.1" 500 5709
0:0:0:0:0:0:0:1 - - [06/Nov/2017:17:30:12 -0600] "POST /daita2/faces/login.xhtml;jsessionid=A511C7A860DB96F919953F81AC84BE68 HTTP/1.1" 500 5709
0:0:0:0:0:0:0:1 - - [06/Nov/2017:17:30:17 -0600] "POST /daita2/faces/login.xhtml;jsessionid=A511C7A860DB96F919953F81AC84BE68 HTTP/1.1" 500 5709
0:0:0:0:0:0:0:1 - - [06/Nov/2017:17:30:28 -0600] "GET /daita2/faces/login.xhtml HTTP/1.1" 200 1118
0:0:0:0:0:0:0:1 - - [06/Nov/2017:17:30:30 -0600] "POST /daita2/faces/login.xhtml HTTP/1.1" 500 5709
0:0:0:0:0:0:0:1 - - [06/Nov/2017:17:31:06 -0600] "POST /daita2/faces/login.xhtml HTTP/1.1" 500 5709
0:0:0:0:0:0:0:1 - - [06/Nov/2017:17:31:10 -0600] "POST /daita2/faces/login.xhtml HTTP/1.1" 500 5709
127.0.0.1 - - [06/Nov/2017:17:31:52 -0600] "GET / HTTP/1.1" 404 994
0:0:0:0:0:0:0:1 - - [06/Nov/2017:17:31:53 -0600] "GET /daita2/faces/login.xhtml HTTP/1.1" 200 1118
0:0:0:0:0:0:0:1 - - [06/Nov/2017:17:31:57 -0600] "POST /daita2/faces/login.xhtml HTTP/1.1" 200 1026
0:0:0:0:0:0:0:1 - - [06/Nov/2017:17:33:47 -0600] "GET /daita2/faces/login.xhtml HTTP/1.1" 200 1117
0:0:0:0:0:0:0:1 - - [06/Nov/2017:17:33:49 -0600] "POST /daita2/faces/login.xhtml HTTP/1.1" 500 3890
0:0:0:0:0:0:0:1 - - [06/Nov/2017:17:34:29 -0600] "GET /daita2/faces/login.xhtml HTTP/1.1" 200 1119
0:0:0:0:0:0:0:1 - - [06/Nov/2017:17:34:31 -0600] "POST /daita2/faces/login.xhtml HTTP/1.1" 500 4000
127.0.0.1 - - [06/Nov/2017:17:36:27 -0600] "GET / HTTP/1.1" 404 994
0:0:0:0:0:0:0:1 - - [06/Nov/2017:17:36:28 -0600] "GET /daita2/faces/login.xhtml HTTP/1.1" 200 1118
0:0:0:0:0:0:0:1 - - [06/Nov/2017:17:36:31 -0600] "POST /daita2/faces/login.xhtml HTTP/1.1" 200 1117
0:0:0:0:0:0:0:1 - - [06/Nov/2017:17:36:44 -0600] "POST /daita2/faces/login.xhtml HTTP/1.1" 200 1119
0:0:0:0:0:0:0:1 - - [06/Nov/2017:17:37:25 -0600] "GET /daita2/faces/result.xhtml HTTP/1.1" 200 1031
0:0:0:0:0:0:0:1 - - [06/Nov/2017:17:37:28 -0600] "POST /daita2/faces/result.xhtml HTTP/1.1" 200 1120
127.0.0.1 - - [06/Nov/2017:18:03:55 -0600] "GET / HTTP/1.1" 404 994
0:0:0:0:0:0:0:1 - - [06/Nov/2017:18:03:57 -0600] "GET /daita2/faces/login.xhtml HTTP/1.1" 200 1137
0:0:0:0:0:0:0:1 - - [06/Nov/2017:18:04:08 -0600] "POST /daita2/faces/login.xhtml;jsessionid=625CAD38817ACC6908486970AE9F12FF HTTP/1.1" 500 3880
0:0:0:0:0:0:0:1 - - [06/Nov/2017:18:06:05 -0600] "GET /daita2/faces/login.xhtml HTTP/1.1" 200 1135
0:0:0:0:0:0:0:1 - - [06/Nov/2017:18:06:10 -0600] "POST /daita2/faces/login.xhtml;jsessionid=2ADD5CF74265F74F38E92FB29F768F41 HTTP/1.1" 500 3946
0:0:0:0:0:0:0:1 - - [06/Nov/2017:18:06:23 -0600] "GET /daita2/faces/login.xhtml HTTP/1.1" 200 1146
0:0:0:0:0:0:0:1 - - [06/Nov/2017:18:06:25 -0600] "POST /daita2/faces/login.xhtml HTTP/1.1" 500 3936
127.0.0.1 - - [06/Nov/2017:18:16:26 -0600] "GET / HTTP/1.1" 404 994
0:0:0:0:0:0:0:1 - - [06/Nov/2017:18:16:28 -0600] "GET /daita2/faces/test.xhtml HTTP/1.1" 500 3171
127.0.0.1 - - [06/Nov/2017:18:21:37 -0600] "GET / HTTP/1.1" 404 994
0:0:0:0:0:0:0:1 - - [06/Nov/2017:18:21:38 -0600] "GET /rose/faces/car.xhtml HTTP/1.1" 500 23221
127.0.0.1 - - [06/Nov/2017:18:23:26 -0600] "GET / HTTP/1.1" 404 994
0:0:0:0:0:0:0:1 - - [06/Nov/2017:18:23:28 -0600] "GET /rose/faces/car.xhtml HTTP/1.1" 500 22586
127.0.0.1 - - [06/Nov/2017:18:38:07 -0600] "GET / HTTP/1.1" 404 994
0:0:0:0:0:0:0:1 - - [06/Nov/2017:18:38:08 -0600] "GET /com.Playground/faces/login.xhtml HTTP/1.1" 404 992
127.0.0.1 - - [06/Nov/2017:18:38:59 -0600] "GET / HTTP/1.1" 404 994
0:0:0:0:0:0:0:1 - - [06/Nov/2017:18:39:00 -0600] "GET /com.Playground/faces/login.xhtml HTTP/1.1" 404 992
127.0.0.1 - - [06/Nov/2017:18:41:02 -0600] "GET / HTTP/1.1" 404 994
0:0:0:0:0:0:0:1 - - [06/Nov/2017:18:41:03 -0600] "GET /daita2/faces/login.xhtml HTTP/1.1" 200 1092
0:0:0:0:0:0:0:1 - - [06/Nov/2017:18:41:09 -0600] "POST /daita2/faces/login.xhtml HTTP/1.1" 500 3936
127.0.0.1 - - [06/Nov/2017:18:58:22 -0600] "GET / HTTP/1.1" 404 994
0:0:0:0:0:0:0:1 - - [06/Nov/2017:18:58:24 -0600] "GET /daita2/faces/login.xhtml HTTP/1.1" 200 862
0:0:0:0:0:0:0:1 - - [06/Nov/2017:18:58:40 -0600] "POST /daita2/faces/login.xhtml;jsessionid=D84606A6226AF1D228633087CFF04BB3 HTTP/1.1" 500 4404
0:0:0:0:0:0:0:1 - - [06/Nov/2017:18:59:14 -0600] "GET /daita2/faces/login.xhtml HTTP/1.1" 200 689
0:0:0:0:0:0:0:1 - - [06/Nov/2017:18:59:16 -0600] "POST /daita2/faces/login.xhtml;jsessionid=BF17F2D5E3FB4F1C9F2A38D64609DA67 HTTP/1.1" 500 4467
127.0.0.1 - - [06/Nov/2017:19:00:56 -0600] "GET / HTTP/1.1" 404 994
0:0:0:0:0:0:0:1 - - [06/Nov/2017:19:00:58 -0600] "GET /daita2/faces/login.xhtml HTTP/1.1" 500 4705
0:0:0:0:0:0:0:1 - - [06/Nov/2017:19:01:28 -0600] "GET /daita2/faces/login.xhtml HTTP/1.1" 200 810
0:0:0:0:0:0:0:1 - - [06/Nov/2017:19:01:31 -0600] "POST /daita2/faces/login.xhtml;jsessionid=055012B985BD13EDA8F9F6EFC620CE45 HTTP/1.1" 500 4404
127.0.0.1 - - [06/Nov/2017:19:03:26 -0600] "GET / HTTP/1.1" 404 994
0:0:0:0:0:0:0:1 - - [06/Nov/2017:19:03:28 -0600] "GET /daita2/faces/login.xhtml HTTP/1.1" 200 766
0:0:0:0:0:0:0:1 - - [06/Nov/2017:19:03:31 -0600] "POST /daita2/faces/login.xhtml HTTP/1.1" 200 991
0:0:0:0:0:0:0:1 - - [06/Nov/2017:19:03:57 -0600] "GET /daita2/faces/result.xhtml HTTP/1.1" 200 997
0:0:0:0:0:0:0:1 - - [06/Nov/2017:19:03:59 -0600] "POST /daita2/faces/result.xhtml HTTP/1.1" 500 4852
127.0.0.1 - - [06/Nov/2017:19:50:57 -0600] "GET / HTTP/1.1" 404 994
0:0:0:0:0:0:0:1 - - [06/Nov/2017:19:50:57 -0600] "GET /daita2/login.xhtml HTTP/1.1" 404 1030
127.0.0.1 - - [06/Nov/2017:19:52:54 -0600] "GET / HTTP/1.1" 404 994
0:0:0:0:0:0:0:1 - - [06/Nov/2017:19:52:55 -0600] "GET /daita2/login.xhtml HTTP/1.1" 404 1030
0:0:0:0:0:0:0:1 - - [06/Nov/2017:19:53:04 -0600] "GET /login.xhtml HTTP/1.1" 404 1016
127.0.0.1 - - [06/Nov/2017:19:54:40 -0600] "GET / HTTP/1.1" 404 994
0:0:0:0:0:0:0:1 - - [06/Nov/2017:19:54:41 -0600] "GET /daita2/faces/login.xhtml HTTP/1.1" 500 4066
0:0:0:0:0:0:0:1 - - [06/Nov/2017:19:54:53 -0600] "GET /daita2/faces/login.xhtml HTTP/1.1" 200 1137
0:0:0:0:0:0:0:1 - - [06/Nov/2017:19:54:58 -0600] "POST /daita2/faces/login.xhtml;jsessionid=9610154AB835EAFFA2D5B41969AEA4FF HTTP/1.1" 200 981
0:0:0:0:0:0:0:1 - - [06/Nov/2017:19:55:04 -0600] "POST /daita2/faces/result.xhtml HTTP/1.1" 500 4852
127.0.0.1 - - [06/Nov/2017:19:56:11 -0600] "GET / HTTP/1.1" 404 994
0:0:0:0:0:0:0:1 - - [06/Nov/2017:19:56:11 -0600] "GET /daita2/faces/login.xhtml HTTP/1.1" 404 1042
127.0.0.1 - - [06/Nov/2017:19:56:58 -0600] "GET / HTTP/1.1" 404 994
0:0:0:0:0:0:0:1 - - [06/Nov/2017:19:56:59 -0600] "GET /daita2/faces/login.xhtml HTTP/1.1" 200 1149
0:0:0:0:0:0:0:1 - - [06/Nov/2017:19:57:02 -0600] "POST /daita2/faces/login.xhtml HTTP/1.1" 200 978
0:0:0:0:0:0:0:1 - - [06/Nov/2017:19:57:34 -0600] "GET /daita2/faces/login.xhtml HTTP/1.1" 200 1150
0:0:0:0:0:0:0:1 - - [06/Nov/2017:19:57:37 -0600] "POST /daita2/faces/login.xhtml HTTP/1.1" 200 980
0:0:0:0:0:0:0:1 - - [06/Nov/2017:19:58:00 -0600] "POST /daita2/faces/login.xhtml HTTP/1.1" 200 1063
127.0.0.1 - - [06/Nov/2017:22:24:40 -0600] "GET / HTTP/1.1" 404 994
0:0:0:0:0:0:0:1 - - [06/Nov/2017:22:24:41 -0600] "GET /daita2/faces/login.xhtml HTTP/1.1" 200 1091
0:0:0:0:0:0:0:1 - - [06/Nov/2017:22:24:50 -0600] "POST /daita2/faces/login.xhtml HTTP/1.1" 500 4395
0:0:0:0:0:0:0:1 - - [06/Nov/2017:22:25:25 -0600] "GET /daita2/faces/login.xhtml HTTP/1.1" 200 1093
0:0:0:0:0:0:0:1 - - [06/Nov/2017:22:25:30 -0600] "POST /daita2/faces/login.xhtml HTTP/1.1" 200 979
127.0.0.1 - - [06/Nov/2017:22:28:51 -0600] "GET / HTTP/1.1" 404 994
0:0:0:0:0:0:0:1 - - [06/Nov/2017:22:28:53 -0600] "GET /daita2/faces/login.xhtml HTTP/1.1" 200 1147
0:0:0:0:0:0:0:1 - - [06/Nov/2017:22:28:57 -0600] "POST /daita2/faces/login.xhtml HTTP/1.1" 500 3800
127.0.0.1 - - [06/Nov/2017:22:31:35 -0600] "GET / HTTP/1.1" 404 994
0:0:0:0:0:0:0:1 - - [06/Nov/2017:22:31:37 -0600] "GET /daita2/faces/login.xhtml HTTP/1.1" 200 1147
0:0:0:0:0:0:0:1 - - [06/Nov/2017:22:31:41 -0600] "POST /daita2/faces/login.xhtml HTTP/1.1" 500 3800
0:0:0:0:0:0:0:1 - - [06/Nov/2017:22:32:42 -0600] "GET /daita2/faces/login.xhtml HTTP/1.1" 200 1145
0:0:0:0:0:0:0:1 - - [06/Nov/2017:22:32:46 -0600] "POST /daita2/faces/login.xhtml HTTP/1.1" 500 3810
